// Jest Snapshot v1, https://goo.gl/fbAQLP

exports[`Composer container Initialise 1`] = `ReactWrapper {}`;
