// Jest Snapshot v1, https://goo.gl/fbAQLP

exports[`Environment container Initialise 1`] = `ReactWrapper {}`;
