SNAPSHOT : com.purplepip.odin.snapshot.Snapshot
Hello
