SNAPSHOT : com.purplepip.odin.demo.SimplePerformance
          50000 NoteOn(60^40 @ 0)
          60000 NoteOff(60 @ 0)
          60000 NoteOn(60^40 @ 0)
          70000 NoteOff(60 @ 0)
          80000 NoteOn(60^40 @ 0)
          90000 NoteOff(60 @ 0)
          90000 NoteOn(60^40 @ 0)
         100000 NoteOff(60 @ 0)
         100000 NoteOn(60^40 @ 0)
         110000 NoteOff(60 @ 0)
         120000 NoteOn(60^40 @ 0)
         130000 NoteOff(60 @ 0)
