Execution 1 :
              564656 :     1 :     564656 : BeatClock.start()
               20934 :    24 :     502409 : MutableSequenceRoll.onPerformanceStart()
               20223 :    24 :     485347 : MutableSequenceRoll.refresh()
               12900 :    24 :     309602 : MutableSequenceRoll.afterTickChange()
                6058 :    24 :     145380 : MutableSequenceRoll.peek()
                5837 :    24 :     140095 : MutableSequenceRoll.refreshFlow()
                4387 :    24 :     105287 : MutableSequenceRoll.getNextEventInternal(..)
                4231 :    24 :     101545 : DefaultFlow.initialise()
                3606 :    24 :      86553 : MutableSequenceRoll.getNextEvent(..)
                2821 :    24 :      67713 : DefaultFlow.getNextEvent(..)
                 904 :    18 :      16275 : Notation.initialise()
                6994 :     1 :       6994 : OperationReceiverCollection.onPerformanceStart()
                 156 :    24 :       3745 : MutableSequenceRoll.isRolling()
                 111 :    24 :       2673 : MutableSequenceRoll.setTock(..)
                 105 :    24 :       2520 : FlowFactory.refreshSequence(..)
                  73 :    24 :       1758 : AbstractThing.initialise()
                 522 :     3 :       1567 : PerformanceListener.onPerformanceStart()
                  50 :    24 :       1206 : DefaultFlow.getMaxScanForward()
                 873 :     1 :        873 : TrackProcessor.onPerformanceStart()
                  11 :    77 :        819 : BeatClock.getPosition(..)
                   6 :    72 :        432 : MutableSequenceRoll.lambda$afterTickChange$35()
                   9 :    24 :        225 : MutableSequenceRoll.lambda$new$31()
                   8 :    24 :        195 : MutableSequenceRoll.lambda$afterTickChange$36(..)
                   7 :    24 :        176 : MutableSequenceRoll.lambda$new$33()
                   6 :    24 :        133 : DefaultNote.getDuration()
                   4 :    24 :         90 : MutableSequenceRoll.onPerformanceStop()
                  -3 :    72 :       -200 : MutableSequenceRoll.lambda$new$34()
                  37 : 10000 :          0 : timer overhead


Execution 2 :
              167375 :     1 :     167375 : BeatClock.start()
                4486 :    24 :     107675 : MutableSequenceRoll.onPerformanceStart()
                3794 :    24 :      91063 : MutableSequenceRoll.refresh()
                3113 :    24 :      74710 : MutableSequenceRoll.refreshFlow()
                1502 :    24 :      36049 : DefaultFlow.initialise()
                1437 :    24 :      34498 : MutableSequenceRoll.peek()
                 958 :    18 :      17249 : Notation.initialise()
                 675 :    24 :      16188 : MutableSequenceRoll.isRolling()
                7408 :     1 :       7408 : OperationReceiverCollection.onPerformanceStart()
                 183 :    24 :       4394 : AbstractThing.initialise()
                 152 :    24 :       3653 : FlowFactory.refreshSequence(..)
                 509 :     3 :       1528 : PerformanceListener.onPerformanceStart()
                1096 :     1 :       1096 : TrackProcessor.onPerformanceStart()
                  11 :    53 :        609 : BeatClock.getPosition(..)
                  11 :    24 :        266 : DefaultNote.getDuration()
                   9 :    24 :        222 : MutableSequenceRoll.onPerformanceStop()
                  37 : 10000 :          0 : timer overhead