SNAPSHOT : com.purplepip.odin.demo.MixinPerformance
             -1 ProgramChangeOperation(channel=1, programName=Strings)
             -1 ProgramChangeOperation(channel=9, programName=Power Drums)
              0 ▼69↓40 → 1
          1···· ▲69    → 1
          1···· ▼62↓40 → 9
          1···· ▼67↓40 → 1
          15000 ▲67    → 1
          15000 ▼69↓40 → 1
          2···· ▲62    → 9
          2···· ▼62↓40 → 9
          25000 ▲69    → 1
          25000 ▼64↓40 → 1
          3···· ▲62    → 9
          3···· ▼62↓40 → 9
          35000 ▲64    → 1
          4···· ▲62    → 9
          4···· ▼62↓40 → 9
          4···· ▼69↓40 → 1
          5···· ▲69    → 1
          5···· ▼67↓40 → 1
