SNAPSHOT : com.purplepip.odin.demo.PlutoPerformance
             -1 ProgramChangeOperation(channel=1, programName=Strings)
             -1 ProgramChangeOperation(channel=9, programName=Power Drums)
