SNAPSHOT : com.purplepip.odin.performance.TransientPerformance
